*********************************************************************
* LD Score Regression (LDSC)
* Version 1.0.1
* (C) 2014-2019 Brendan Bulik-Sullivan and Hilary Finucane
* Broad Institute of MIT and Harvard / MIT Department of Mathematics
* GNU General Public License v3
*********************************************************************
Call: 
./munge_sumstats.py \
--signed-sumstats BETA,0 \
--out results/ldsc/Glucose.meta_EUR \
--merge-alleles data/ref/w_hm3.snplist \
--N-col N \
--chunksize 200000 \
--a1 A1 \
--a2 A2 \
--snp SNP \
--sumstats results/ldsc/Glucose.meta_EUR.mungein.tsv.gz \
--p P 

Interpreting column names as follows:
BETA:	Directional summary statistic as specified by --signed-sumstats.
N:	Sample size
A1:	Allele 1, interpreted as ref allele for signed sumstat.
P:	p-Value
FRQ:	Allele frequency
A2:	Allele 2, interpreted as non-ref allele for signed sumstat.
SNP:	Variant ID (e.g., rs number)

Reading list of SNPs for allele merge from data/ref/w_hm3.snplist
Read 1217311 SNPs for allele merge.
Reading sumstats from results/ldsc/Glucose.meta_EUR.mungein.tsv.gz into memory 200000 SNPs at a time.
Read 1217012 SNPs from --sumstats file.
Removed 0 SNPs not in --merge-alleles.
Removed 0 SNPs with missing values.
Removed 0 SNPs with INFO <= 0.9.
Removed 33960 SNPs with MAF <= 0.01.
Removed 0 SNPs with out-of-bounds p-values.
Removed 61 variants that were not SNPs or were strand-ambiguous.
1182991 SNPs remain.
Removed 105 SNPs with duplicated rs numbers (1182886 SNPs remain).
Removed 2725 SNPs with N < 399499.333333 (1180161 SNPs remain).
Median value of SIGNED_SUMSTATS was 2.42237468063e-05, which seems sensible.
Removed 70 SNPs whose alleles did not match --merge-alleles (1180091 SNPs remain).
Writing summary statistics for 1217311 SNPs (1180091 with nonmissing beta) to results/ldsc/Glucose.meta_EUR.sumstats.gz.

Metadata:
Mean chi^2 = 1.667
Lambda GC = 1.387
Max chi^2 = 1373.873
2590 Genome-wide significant SNPs (some may have been removed by filtering).

Conversion finished at Sun Jul 26 05:07:38 2026
Total time elapsed: 22.66s
