*********************************************************************
* LD Score Regression (LDSC)
* Version 1.0.1
* (C) 2014-2019 Brendan Bulik-Sullivan and Hilary Finucane
* Broad Institute of MIT and Harvard / MIT Department of Mathematics
* GNU General Public License v3
*********************************************************************
Call: 
./ldsc.py \
--h2 results/ldsc/Lactate.EstBB.sumstats.gz \
--ref-ld-chr data/ref/eur_w_ld_chr/ \
--out results/ldsc/Lactate.EstBB.h2 \
--w-ld-chr data/ref/eur_w_ld_chr/ 

Beginning analysis at Sun Jul 26 00:58:09 2026
Reading summary statistics from results/ldsc/Lactate.EstBB.sumstats.gz ...
Read summary statistics for 1151181 SNPs.
Reading reference panel LD Score from data/ref/eur_w_ld_chr/[1-22] ... (ldscore_fromlist)
Read reference panel LD Scores for 1290028 SNPs.
Removing partitioned LD Scores with zero variance.
Reading regression weight LD Score from data/ref/eur_w_ld_chr/[1-22] ... (ldscore_fromlist)
Read regression weight LD Scores for 1290028 SNPs.
After merging with reference panel LD, 1144282 SNPs remain.
After merging with regression SNP LD, 1144282 SNPs remain.
Using two-step estimator with cutoff at 30.
Total Observed scale h2: 0.0277 (0.0036)
Lambda GC: 1.1555
Mean Chi^2: 1.1733
Intercept: 1.073 (0.0087)
Ratio: 0.421 (0.0501)
Analysis finished at Sun Jul 26 00:58:20 2026
Total time elapsed: 11.61s
