*********************************************************************
* LD Score Regression (LDSC)
* Version 1.0.1
* (C) 2014-2019 Brendan Bulik-Sullivan and Hilary Finucane
* Broad Institute of MIT and Harvard / MIT Department of Mathematics
* GNU General Public License v3
*********************************************************************
Call: 
./munge_sumstats.py \
--signed-sumstats BETA,0 \
--out results/ldsc/Lactate.EstBB \
--merge-alleles data/ref/w_hm3.snplist \
--N-col N \
--chunksize 200000 \
--a1 A1 \
--a2 A2 \
--snp SNP \
--sumstats results/ldsc/Lactate.EstBB.mungein.tsv.gz \
--p P 

Interpreting column names as follows:
INFO:	INFO score (imputation quality; higher --> better imputation)
BETA:	Directional summary statistic as specified by --signed-sumstats.
N:	Sample size
A1:	Allele 1, interpreted as ref allele for signed sumstat.
P:	p-Value
FRQ:	Allele frequency
A2:	Allele 2, interpreted as non-ref allele for signed sumstat.
SNP:	Variant ID (e.g., rs number)

Reading list of SNPs for allele merge from data/ref/w_hm3.snplist
Read 1217311 SNPs for allele merge.
Reading sumstats from results/ldsc/Lactate.EstBB.mungein.tsv.gz into memory 200000 SNPs at a time.
Read 1201415 SNPs from --sumstats file.
Removed 0 SNPs not in --merge-alleles.
Removed 0 SNPs with missing values.
Removed 28064 SNPs with INFO <= 0.9.
Removed 22118 SNPs with MAF <= 0.01.
Removed 0 SNPs with out-of-bounds p-values.
Removed 15 variants that were not SNPs or were strand-ambiguous.
1151218 SNPs remain.
Removed 4 SNPs with duplicated rs numbers (1151214 SNPs remain).
Removed 0 SNPs with N < 123568.0 (1151214 SNPs remain).
Median value of SIGNED_SUMSTATS was -8.42741e-06, which seems sensible.
Removed 33 SNPs whose alleles did not match --merge-alleles (1151181 SNPs remain).
Writing summary statistics for 1217311 SNPs (1151181 with nonmissing beta) to results/ldsc/Lactate.EstBB.sumstats.gz.

Metadata:
Mean chi^2 = 1.174
Lambda GC = 1.155
Max chi^2 = 162.915
72 Genome-wide significant SNPs (some may have been removed by filtering).

Conversion finished at Sun Jul 26 00:58:03 2026
Total time elapsed: 37.68s
