*********************************************************************
* LD Score Regression (LDSC)
* Version 1.0.1
* (C) 2014-2019 Brendan Bulik-Sullivan and Hilary Finucane
* Broad Institute of MIT and Harvard / MIT Department of Mathematics
* GNU General Public License v3
*********************************************************************
Call: 
./ldsc.py \
--h2 results/ldsc/LDL_C.meta_EUR.sumstats.gz \
--ref-ld-chr data/ref/eur_w_ld_chr/ \
--out results/ldsc/LDL_C.meta_EUR.h2 \
--w-ld-chr data/ref/eur_w_ld_chr/ 

Beginning analysis at Sun Jul 26 05:02:04 2026
Reading summary statistics from results/ldsc/LDL_C.meta_EUR.sumstats.gz ...
Read summary statistics for 1180091 SNPs.
Reading reference panel LD Score from data/ref/eur_w_ld_chr/[1-22] ... (ldscore_fromlist)
Read reference panel LD Scores for 1290028 SNPs.
Removing partitioned LD Scores with zero variance.
Reading regression weight LD Score from data/ref/eur_w_ld_chr/[1-22] ... (ldscore_fromlist)
Read regression weight LD Scores for 1290028 SNPs.
After merging with reference panel LD, 1173428 SNPs remain.
After merging with regression SNP LD, 1173428 SNPs remain.
Using two-step estimator with cutoff at 30.
Total Observed scale h2: 0.1175 (0.0197)
Lambda GC: 1.4998
Mean Chi^2: 2.4634
Intercept: 1.1555 (0.021)
Ratio: 0.1062 (0.0144)
Analysis finished at Sun Jul 26 05:02:14 2026
Total time elapsed: 10.11s
