*********************************************************************
* LD Score Regression (LDSC)
* Version 1.0.1
* (C) 2014-2019 Brendan Bulik-Sullivan and Hilary Finucane
* Broad Institute of MIT and Harvard / MIT Department of Mathematics
* GNU General Public License v3
*********************************************************************
Call: 
./ldsc.py \
--ref-ld-chr data/ref/eur_w_ld_chr/ \
--out results/ldsc/rgA_Glucose_EstBB \
--rg results/ldsc/Glucose.EstBB.sumstats.gz,results/ldsc/Glucose.UKBB_EUR.sumstats.gz,results/ldsc/Glucose.meta_EUR.sumstats.gz \
--w-ld-chr data/ref/eur_w_ld_chr/ 

Beginning analysis at Sun Jul 26 05:10:09 2026
Reading summary statistics from results/ldsc/Glucose.EstBB.sumstats.gz ...
Read summary statistics for 1151181 SNPs.
Reading reference panel LD Score from data/ref/eur_w_ld_chr/[1-22] ... (ldscore_fromlist)
Read reference panel LD Scores for 1290028 SNPs.
Removing partitioned LD Scores with zero variance.
Reading regression weight LD Score from data/ref/eur_w_ld_chr/[1-22] ... (ldscore_fromlist)
Read regression weight LD Scores for 1290028 SNPs.
After merging with reference panel LD, 1144282 SNPs remain.
After merging with regression SNP LD, 1144282 SNPs remain.
Computing rg for phenotype 2/3
Reading summary statistics from results/ldsc/Glucose.UKBB_EUR.sumstats.gz ...
Read summary statistics for 1217311 SNPs.
After merging with summary statistics, 1144282 SNPs remain.
1137154 SNPs with valid alleles.

Heritability of phenotype 1
---------------------------
Total Observed scale h2: 0.0333 (0.0054)
Lambda GC: 1.1301
Mean Chi^2: 1.1691
Intercept: 1.0458 (0.0099)
Ratio: 0.2707 (0.0583)

Heritability of phenotype 2/3
-----------------------------
Total Observed scale h2: 0.0615 (0.0086)
Lambda GC: 1.3443
Mean Chi^2: 1.5825
Intercept: 1.0808 (0.0238)
Ratio: 0.1386 (0.0409)

Genetic Covariance
------------------
Total Observed scale gencov: 0.0406 (0.0065)
Mean z1*z2: 0.2435
Intercept: 0.0203 (0.014)

Genetic Correlation
-------------------
Genetic Correlation: 0.8971 (0.0491)
Z-score: 18.2895
P: 1.0029e-74

Computing rg for phenotype 3/3
Reading summary statistics from results/ldsc/Glucose.meta_EUR.sumstats.gz ...
Read summary statistics for 1217311 SNPs.
After merging with summary statistics, 1144282 SNPs remain.
1139838 SNPs with valid alleles.

Heritability of phenotype 3/3
-----------------------------
Total Observed scale h2: 0.0497 (0.0065)
Lambda GC: 1.3929
Mean Chi^2: 1.6746
Intercept: 1.0876 (0.0282)
Ratio: 0.1298 (0.0418)

Genetic Covariance
------------------
Total Observed scale gencov: 0.0387 (0.0057)
Mean z1*z2: 0.8542
Intercept: 0.5985 (0.0154)

Genetic Correlation
-------------------
Genetic Correlation: 0.9479 (0.0268)
Z-score: 35.433
P: 5.2919e-275


Summary of Genetic Correlation Results
p1                                         p2      rg      se        z            p  h2_obs  h2_obs_se  h2_int  h2_int_se  gcov_int  gcov_int_se
results/ldsc/Glucose.EstBB.sumstats.gz  results/ldsc/Glucose.UKBB_EUR.sumstats.gz  0.8971  0.0491  18.2895   1.0029e-74  0.0615     0.0086  1.0808     0.0238    0.0203       0.0140
results/ldsc/Glucose.EstBB.sumstats.gz  results/ldsc/Glucose.meta_EUR.sumstats.gz  0.9479  0.0268  35.4330  5.2919e-275  0.0497     0.0065  1.0876     0.0282    0.5985       0.0154

Analysis finished at Sun Jul 26 05:10:24 2026
Total time elapsed: 14.95s
