*********************************************************************
* LD Score Regression (LDSC)
* Version 1.0.1
* (C) 2014-2019 Brendan Bulik-Sullivan and Hilary Finucane
* Broad Institute of MIT and Harvard / MIT Department of Mathematics
* GNU General Public License v3
*********************************************************************
Call: 
./ldsc.py \
--ref-ld-chr data/ref/eur_w_ld_chr/ \
--out results/ldsc/rgA_Lactate_UKBB_EUR \
--rg results/ldsc/Lactate.UKBB_EUR.sumstats.gz,results/ldsc/Lactate.meta_EUR.sumstats.gz \
--w-ld-chr data/ref/eur_w_ld_chr/ 

Beginning analysis at Sun Jul 26 05:09:26 2026
Reading summary statistics from results/ldsc/Lactate.UKBB_EUR.sumstats.gz ...
Read summary statistics for 1177565 SNPs.
Reading reference panel LD Score from data/ref/eur_w_ld_chr/[1-22] ... (ldscore_fromlist)
Read reference panel LD Scores for 1290028 SNPs.
Removing partitioned LD Scores with zero variance.
Reading regression weight LD Score from data/ref/eur_w_ld_chr/[1-22] ... (ldscore_fromlist)
Read regression weight LD Scores for 1290028 SNPs.
After merging with reference panel LD, 1170909 SNPs remain.
After merging with regression SNP LD, 1170909 SNPs remain.
Computing rg for phenotype 2/2
Reading summary statistics from results/ldsc/Lactate.meta_EUR.sumstats.gz ...
Read summary statistics for 1217311 SNPs.
After merging with summary statistics, 1170909 SNPs remain.
1169762 SNPs with valid alleles.

Heritability of phenotype 1
---------------------------
Total Observed scale h2: 0.0459 (0.0037)
Lambda GC: 1.2932
Mean Chi^2: 1.4498
Intercept: 1.0708 (0.0192)
Ratio: 0.1574 (0.0428)

Heritability of phenotype 2/2
-----------------------------
Total Observed scale h2: 0.0376 (0.0029)
Lambda GC: 1.3512
Mean Chi^2: 1.5358
Intercept: 1.0912 (0.0249)
Ratio: 0.1703 (0.0465)

Genetic Covariance
------------------
Total Observed scale gencov: 0.0401 (0.0032)
Mean z1*z2: 1.3084
Intercept: 0.9096 (0.0214)

Genetic Correlation
-------------------
Genetic Correlation: 0.966 (0.0049)
Z-score: 198.0364
P: 0.


Summary of Genetic Correlation Results
p1                                         p2     rg      se         z    p  h2_obs  h2_obs_se  h2_int  h2_int_se  gcov_int  gcov_int_se
results/ldsc/Lactate.UKBB_EUR.sumstats.gz  results/ldsc/Lactate.meta_EUR.sumstats.gz  0.966  0.0049  198.0364  0.0  0.0376     0.0029  1.0912     0.0249    0.9096       0.0214

Analysis finished at Sun Jul 26 05:09:37 2026
Total time elapsed: 11.07s
