*********************************************************************
* LD Score Regression (LDSC)
* Version 1.0.1
* (C) 2014-2019 Brendan Bulik-Sullivan and Hilary Finucane
* Broad Institute of MIT and Harvard / MIT Department of Mathematics
* GNU General Public License v3
*********************************************************************
Call: 
./ldsc.py \
--ref-ld-chr data/ref/eur_w_ld_chr/ \
--out results/ldsc/rgB_EstBB_LDL_C \
--rg results/ldsc/LDL_C.EstBB.sumstats.gz,results/ldsc/Glucose.EstBB.sumstats.gz \
--w-ld-chr data/ref/eur_w_ld_chr/ 

Beginning analysis at Sun Jul 26 05:11:18 2026
Reading summary statistics from results/ldsc/LDL_C.EstBB.sumstats.gz ...
Read summary statistics for 1151181 SNPs.
Reading reference panel LD Score from data/ref/eur_w_ld_chr/[1-22] ... (ldscore_fromlist)
Read reference panel LD Scores for 1290028 SNPs.
Removing partitioned LD Scores with zero variance.
Reading regression weight LD Score from data/ref/eur_w_ld_chr/[1-22] ... (ldscore_fromlist)
Read regression weight LD Scores for 1290028 SNPs.
After merging with reference panel LD, 1144282 SNPs remain.
After merging with regression SNP LD, 1144282 SNPs remain.
Computing rg for phenotype 2/2
Reading summary statistics from results/ldsc/Glucose.EstBB.sumstats.gz ...
Read summary statistics for 1217311 SNPs.
After merging with summary statistics, 1144282 SNPs remain.
1144282 SNPs with valid alleles.

Heritability of phenotype 1
---------------------------
Total Observed scale h2: 0.0942 (0.0511)
Lambda GC: 1.3068
Mean Chi^2: 1.7101
Intercept: 1.3358 (0.2096)
Ratio: 0.4729 (0.2952)

Heritability of phenotype 2/2
-----------------------------
Total Observed scale h2: 0.0339 (0.0054)
Lambda GC: 1.1301
Mean Chi^2: 1.1688
Intercept: 1.0438 (0.0099)
Ratio: 0.2595 (0.0587)

Genetic Covariance
------------------
Total Observed scale gencov: 0.0111 (0.0037)
Mean z1*z2: 0.0703
Intercept: 0.0278 (0.0084)

Genetic Correlation
-------------------
Genetic Correlation: 0.1958 (0.0828)
Z-score: 2.3637
P: 0.0181


Summary of Genetic Correlation Results
p1                                      p2      rg      se       z       p  h2_obs  h2_obs_se  h2_int  h2_int_se  gcov_int  gcov_int_se
results/ldsc/LDL_C.EstBB.sumstats.gz  results/ldsc/Glucose.EstBB.sumstats.gz  0.1958  0.0828  2.3637  0.0181  0.0339     0.0054  1.0438     0.0099    0.0278       0.0084

Analysis finished at Sun Jul 26 05:11:29 2026
Total time elapsed: 10.87s
