*********************************************************************
* LD Score Regression (LDSC)
* Version 1.0.1
* (C) 2014-2019 Brendan Bulik-Sullivan and Hilary Finucane
* Broad Institute of MIT and Harvard / MIT Department of Mathematics
* GNU General Public License v3
*********************************************************************
Call: 
./ldsc.py \
--ref-ld-chr data/ref/eur_w_ld_chr/ \
--out results/ldsc/rgB_UKBB_EUR_BCAA \
--rg results/ldsc/BCAA.UKBB_EUR.sumstats.gz,results/ldsc/Lactate.UKBB_EUR.sumstats.gz,results/ldsc/LDL_C.UKBB_EUR.sumstats.gz,results/ldsc/Glucose.UKBB_EUR.sumstats.gz \
--w-ld-chr data/ref/eur_w_ld_chr/ 

Beginning analysis at Sun Jul 26 05:11:31 2026
Reading summary statistics from results/ldsc/BCAA.UKBB_EUR.sumstats.gz ...
Read summary statistics for 1177565 SNPs.
Reading reference panel LD Score from data/ref/eur_w_ld_chr/[1-22] ... (ldscore_fromlist)
Read reference panel LD Scores for 1290028 SNPs.
Removing partitioned LD Scores with zero variance.
Reading regression weight LD Score from data/ref/eur_w_ld_chr/[1-22] ... (ldscore_fromlist)
Read regression weight LD Scores for 1290028 SNPs.
After merging with reference panel LD, 1170909 SNPs remain.
After merging with regression SNP LD, 1170909 SNPs remain.
Computing rg for phenotype 2/4
Reading summary statistics from results/ldsc/Lactate.UKBB_EUR.sumstats.gz ...
Read summary statistics for 1217311 SNPs.
After merging with summary statistics, 1170909 SNPs remain.
1170909 SNPs with valid alleles.

Heritability of phenotype 1
---------------------------
Total Observed scale h2: 0.0774 (0.0067)
Lambda GC: 1.4139
Mean Chi^2: 1.6899
Intercept: 1.056 (0.0181)
Ratio: 0.0811 (0.0263)

Heritability of phenotype 2/4
-----------------------------
Total Observed scale h2: 0.046 (0.0037)
Lambda GC: 1.2932
Mean Chi^2: 1.4494
Intercept: 1.0699 (0.0192)
Ratio: 0.1556 (0.0427)

Genetic Covariance
------------------
Total Observed scale gencov: 0.0113 (0.0025)
Mean z1*z2: 0.221
Intercept: 0.1141 (0.008)

Genetic Correlation
-------------------
Genetic Correlation: 0.1893 (0.0363)
Z-score: 5.2105
P: 1.8832e-07

Computing rg for phenotype 3/4
Reading summary statistics from results/ldsc/LDL_C.UKBB_EUR.sumstats.gz ...
Read summary statistics for 1217311 SNPs.
After merging with summary statistics, 1170909 SNPs remain.
1170909 SNPs with valid alleles.

Heritability of phenotype 3/4
-----------------------------
Total Observed scale h2: 0.0704 (0.029)
Lambda GC: 1.3615
Mean Chi^2: 1.9428
Intercept: 1.3172 (0.2439)
Ratio: 0.3365 (0.2587)

Genetic Covariance
------------------
Total Observed scale gencov: 0.0036 (0.0037)
Mean z1*z2: 0.1198
Intercept: 0.101 (0.0205)

Genetic Correlation
-------------------
Genetic Correlation: 0.0488 (0.0514)
Z-score: 0.9507
P: 0.3418

Computing rg for phenotype 4/4
Reading summary statistics from results/ldsc/Glucose.UKBB_EUR.sumstats.gz ...
Read summary statistics for 1217311 SNPs.
After merging with summary statistics, 1170909 SNPs remain.
1170909 SNPs with valid alleles.

Heritability of phenotype 4/4
-----------------------------
Total Observed scale h2: 0.0624 (0.0082)
Lambda GC: 1.3374
Mean Chi^2: 1.573
Intercept: 1.0744 (0.0217)
Ratio: 0.1298 (0.0378)

Genetic Covariance
------------------
Total Observed scale gencov: 0.0161 (0.0021)
Mean z1*z2: 0.3719
Intercept: 0.2494 (0.0073)

Genetic Correlation
-------------------
Genetic Correlation: 0.2313 (0.0297)
Z-score: 7.7755
P: 7.5142e-15


Summary of Genetic Correlation Results
p1                                         p2      rg      se       z           p  h2_obs  h2_obs_se  h2_int  h2_int_se  gcov_int  gcov_int_se
results/ldsc/BCAA.UKBB_EUR.sumstats.gz  results/ldsc/Lactate.UKBB_EUR.sumstats.gz  0.1893  0.0363  5.2105  1.8832e-07  0.0460     0.0037  1.0699     0.0192    0.1141       0.0080
results/ldsc/BCAA.UKBB_EUR.sumstats.gz    results/ldsc/LDL_C.UKBB_EUR.sumstats.gz  0.0488  0.0514  0.9507  3.4177e-01  0.0704     0.0290  1.3172     0.2439    0.1010       0.0205
results/ldsc/BCAA.UKBB_EUR.sumstats.gz  results/ldsc/Glucose.UKBB_EUR.sumstats.gz  0.2313  0.0297  7.7755  7.5142e-15  0.0624     0.0082  1.0744     0.0217    0.2494       0.0073

Analysis finished at Sun Jul 26 05:11:51 2026
Total time elapsed: 19.72s
