*********************************************************************
* LD Score Regression (LDSC)
* Version 1.0.1
* (C) 2014-2019 Brendan Bulik-Sullivan and Hilary Finucane
* Broad Institute of MIT and Harvard / MIT Department of Mathematics
* GNU General Public License v3
*********************************************************************
Call: 
./ldsc.py \
--ref-ld-chr data/ref/eur_w_ld_chr/ \
--out results/ldsc/rgB_meta_EUR_BCAA \
--rg results/ldsc/BCAA.meta_EUR.sumstats.gz,results/ldsc/Lactate.meta_EUR.sumstats.gz,results/ldsc/LDL_C.meta_EUR.sumstats.gz,results/ldsc/Glucose.meta_EUR.sumstats.gz \
--w-ld-chr data/ref/eur_w_ld_chr/ 

Beginning analysis at Sun Jul 26 05:12:24 2026
Reading summary statistics from results/ldsc/BCAA.meta_EUR.sumstats.gz ...
Read summary statistics for 1180091 SNPs.
Reading reference panel LD Score from data/ref/eur_w_ld_chr/[1-22] ... (ldscore_fromlist)
Read reference panel LD Scores for 1290028 SNPs.
Removing partitioned LD Scores with zero variance.
Reading regression weight LD Score from data/ref/eur_w_ld_chr/[1-22] ... (ldscore_fromlist)
Read regression weight LD Scores for 1290028 SNPs.
After merging with reference panel LD, 1173428 SNPs remain.
After merging with regression SNP LD, 1173428 SNPs remain.
Computing rg for phenotype 2/4
Reading summary statistics from results/ldsc/Lactate.meta_EUR.sumstats.gz ...
Read summary statistics for 1217311 SNPs.
After merging with summary statistics, 1173428 SNPs remain.
1173428 SNPs with valid alleles.

Heritability of phenotype 1
---------------------------
Total Observed scale h2: 0.0665 (0.0055)
Lambda GC: 1.5108
Mean Chi^2: 1.8585
Intercept: 1.0705 (0.022)
Ratio: 0.0821 (0.0256)

Heritability of phenotype 2/4
-----------------------------
Total Observed scale h2: 0.0378 (0.0029)
Lambda GC: 1.3477
Mean Chi^2: 1.5346
Intercept: 1.089 (0.0242)
Ratio: 0.1665 (0.0452)

Genetic Covariance
------------------
Total Observed scale gencov: 0.0098 (0.0019)
Mean z1*z2: 0.265
Intercept: 0.132 (0.0086)

Genetic Correlation
-------------------
Genetic Correlation: 0.1949 (0.0344)
Z-score: 5.6723
P: 1.4093e-08

Computing rg for phenotype 3/4
Reading summary statistics from results/ldsc/LDL_C.meta_EUR.sumstats.gz ...
Read summary statistics for 1217311 SNPs.
After merging with summary statistics, 1173428 SNPs remain.
1173428 SNPs with valid alleles.

Heritability of phenotype 3/4
-----------------------------
Total Observed scale h2: 0.0819 (0.025)
Lambda GC: 1.4998
Mean Chi^2: 2.4634
Intercept: 1.4249 (0.3021)
Ratio: 0.2903 (0.2064)

Genetic Covariance
------------------
Total Observed scale gencov: 0.0083 (0.0032)
Mean z1*z2: 0.1841
Intercept: 0.0972 (0.0205)

Genetic Correlation
-------------------
Genetic Correlation: 0.1125 (0.0464)
Z-score: 2.4224
P: 0.0154

Computing rg for phenotype 4/4
Reading summary statistics from results/ldsc/Glucose.meta_EUR.sumstats.gz ...
Read summary statistics for 1217311 SNPs.
After merging with summary statistics, 1173428 SNPs remain.
1173428 SNPs with valid alleles.

Heritability of phenotype 4/4
-----------------------------
Total Observed scale h2: 0.0503 (0.0063)
Lambda GC: 1.3859
Mean Chi^2: 1.6633
Intercept: 1.0814 (0.0254)
Ratio: 0.1227 (0.0383)

Genetic Covariance
------------------
Total Observed scale gencov: 0.0132 (0.0017)
Mean z1*z2: 0.3455
Intercept: 0.2011 (0.0078)

Genetic Correlation
-------------------
Genetic Correlation: 0.2283 (0.0284)
Z-score: 8.0244
P: 1.0205e-15


Summary of Genetic Correlation Results
p1                                         p2      rg      se       z           p  h2_obs  h2_obs_se  h2_int  h2_int_se  gcov_int  gcov_int_se
results/ldsc/BCAA.meta_EUR.sumstats.gz  results/ldsc/Lactate.meta_EUR.sumstats.gz  0.1949  0.0344  5.6723  1.4093e-08  0.0378     0.0029  1.0890     0.0242    0.1320       0.0086
results/ldsc/BCAA.meta_EUR.sumstats.gz    results/ldsc/LDL_C.meta_EUR.sumstats.gz  0.1125  0.0464  2.4224  1.5416e-02  0.0819     0.0250  1.4249     0.3021    0.0972       0.0205
results/ldsc/BCAA.meta_EUR.sumstats.gz  results/ldsc/Glucose.meta_EUR.sumstats.gz  0.2283  0.0284  8.0244  1.0205e-15  0.0503     0.0063  1.0814     0.0254    0.2011       0.0078

Analysis finished at Sun Jul 26 05:12:43 2026
Total time elapsed: 19.68s
